// Jest Snapshot v1, https://goo.gl/fbAQLP

exports[`Header should render without throwing an error 1`] = `
<header
  className="toy-robot-simulator-header"
>
  <h5
    className="ml-3 header-text"
  >
    Toy Robot Simulator
  </h5>
</header>
`;
